// Jest Snapshot v1, https://goo.gl/fbAQLP

exports[`Header renders correctly 1`] = `
<header
  style={
    Object {
      "background": "transparent",
      "color": "#000",
      "fontSize": "42px",
      "letterSpacing": "-7.5px",
      "lineHeight": "initial",
    }
  }
>
  <h1
    style={
      Object {
        "margin": 0,
      }
    }
  >
    <a
      href="/"
      style={
        Object {
          "color": "#000",
          "textDecoration": "none",
        }
      }
    >
      Fresh and Local
    </a>
  </h1>
</header>
`;
